// Jest Snapshot v1, https://goo.gl/fbAQLP

exports[`Slider renders correctly 1`] = `
<div
  className="slider"
>
  <div
    className="slider-title"
  >
    Slider Title
  </div>
  <div
    className="slider-items"
  >
    <div>
      SliderItem
    </div>
    <div>
      SliderItem
    </div>
    <div>
      SliderItem
    </div>
  </div>
</div>
`;
