exports[`test EpisodeWatchContainer renders correctly 1`] = `
<div
  className="episode-watch">
  <div
    className="episode-watch__video"
    style={
      Object {
        "background": "#000 url(\"\") center/cover no-repeat",
      }
    } />
  <button
    className="episode-watch__watchnow-button">
    Watch now
  </button>
</div>
`;
