// Jest Snapshot v1, https://goo.gl/fbAQLP

exports[`SeriesContainer SeriesContainer renders without data 1`] = `
<div
  className="series-container"
  style={null}
>
  <div
    className="side-panel"
  >
    <ul
      className="side-panel__option-list"
    >
      <li
        className="side-panel__option"
      >
        <a
          className="side-panel-card"
          onClick={[Function]}
          style={Object {}}
        >
          <img
            alt="Profile Name"
            className="side-panel-card__icon side-panel-card__icon--Profile Name"
            src="user-1.gif"
          />
          <span
            className="side-panel-card__title"
          >
            Profile Name
          </span>
        </a>
      </li>
      <li
        className="side-panel__option side-panel__option--active"
      >
        <a
          className="side-panel-card"
          onClick={[Function]}
          style={Object {}}
        >
          <img
            alt="Search"
            className="side-panel-card__icon side-panel-card__icon--Search"
            src="Search.svg"
          />
          <span
            className="side-panel-card__title"
          >
            Search
          </span>
        </a>
      </li>
      <li
        className="side-panel__option"
      >
        <a
          className="side-panel-card"
          onClick={[Function]}
          style={Object {}}
        >
          <img
            alt="Home"
            className="side-panel-card__icon side-panel-card__icon--Home"
            src="Home.svg"
          />
          <span
            className="side-panel-card__title"
          >
            Home
          </span>
        </a>
      </li>
      <li
        className="side-panel__option"
      >
        <a
          className="side-panel-card"
          onClick={[Function]}
          style={Object {}}
        >
          <img
            alt="Favorites"
            className="side-panel-card__icon side-panel-card__icon--Favorites"
            src="Favorites.svg"
          />
          <span
            className="side-panel-card__title"
          >
            Favorites
          </span>
        </a>
      </li>
    </ul>
  </div>
  <div
    className="gradient-cover"
  />
  <div
    className="series-content series-content--expanded"
  />
</div>
`;

exports[`SeriesContainer renders correctly 1`] = `
<div
  className="series-container"
  style={null}
>
  <div
    className="side-panel"
  >
    <ul
      className="side-panel__option-list"
    >
      <li
        className="side-panel__option"
      >
        <a
          className="side-panel-card"
          onClick={[Function]}
          style={Object {}}
        >
          <img
            alt="Profile Name"
            className="side-panel-card__icon side-panel-card__icon--Profile Name"
            src="user-1.gif"
          />
          <span
            className="side-panel-card__title"
          >
            Profile Name
          </span>
        </a>
      </li>
      <li
        className="side-panel__option side-panel__option--active"
      >
        <a
          className="side-panel-card"
          onClick={[Function]}
          style={Object {}}
        >
          <img
            alt="Search"
            className="side-panel-card__icon side-panel-card__icon--Search"
            src="Search.svg"
          />
          <span
            className="side-panel-card__title"
          >
            Search
          </span>
        </a>
      </li>
      <li
        className="side-panel__option"
      >
        <a
          className="side-panel-card"
          onClick={[Function]}
          style={Object {}}
        >
          <img
            alt="Home"
            className="side-panel-card__icon side-panel-card__icon--Home"
            src="Home.svg"
          />
          <span
            className="side-panel-card__title"
          >
            Home
          </span>
        </a>
      </li>
      <li
        className="side-panel__option"
      >
        <a
          className="side-panel-card"
          onClick={[Function]}
          style={Object {}}
        >
          <img
            alt="Favorites"
            className="side-panel-card__icon side-panel-card__icon--Favorites"
            src="Favorites.svg"
          />
          <span
            className="side-panel-card__title"
          >
            Favorites
          </span>
        </a>
      </li>
    </ul>
  </div>
  <div
    className="gradient-cover"
  />
  <div
    className="series-content series-content--expanded"
  />
</div>
`;
