exports[`test EpisodeDescriptionContainer renders correctly 1`] = `
<div
  className="episode-description">
  <h3
    className="episode-description__date">
    ...loading...
  </h3>
  <h1
    className="episode-description__title">
    ...loading...
  </h1>
  <p
    className="episode-description__text">
    ...loading...
  </p>
</div>
`;
