exports[`test App renders correctly 1`] = `
<div
  className="app">
  <p>
    This is app page
  </p>
  <button
    className="btn btn-lg btn-success"
    disabled={false}
    type="button">
    bootstrap is working
  </button>
  <div>
    <ul>
      <li>
        <a
          onClick={[Function]}
          style={Object {}}>
          Home
        </a>
      </li>
      <li>
        <a
          onClick={[Function]}
          style={Object {}}>
          about
        </a>
      </li>
      <li>
        <a
          onClick={[Function]}
          style={Object {}}>
          Episode Detail
        </a>
      </li>
    </ul>
  </div>
</div>
`;
