exports[`test App renders correctly 1`] = `
<div
  className="app">
  <p>
    This is app page
  </p>
  <div>
    <ul>
      <li>
        <a
          onClick={[Function]}
          style={Object {}}>
          Home
        </a>
      </li>
      <li>
        <a
          onClick={[Function]}
          style={Object {}}>
          about
        </a>
      </li>
    </ul>
  </div>
</div>
`;
